[155abad5_Iran_s_survival_strategy_against_US_control_Global_News_Podcast_480P_seg0006] Score: 0.969
Transcript: Hello, I'm Anka Desai. Welcome to the Global News podcast on YouTube. Today, as the US and Israel continue to strike Iran, we take a look at the Iranian response and what exactly is Theran's strategy and is the war crucially going beyond Washington's control. To talk more about this, I've got Bahman Kalvasi from the BBC's Persian Service alongside me. Bahman, as always, thank you so much for your time. Now, first of all, let's kick off then with the Iranian response so far in response to the US and Israeli strikes. What have you made of the strategy they're using thus far? >> A lot of observers thought that if this war started that Iran at some point later on will start targeting Arab countries and some people were surprised how quickly they got there. So, I think that shows that they thought of this immediately as a war of survival. Um obviously targeting of the supreme leader and the entire upper echelon of the military uh gave them the impression that this is a war of a regime change. Therefore they have to throw everything at it from the very get-go. The strategy is obviously for them increasing pressure on global energy supply and making everybody else pay. The definition of victory for them is survival. It's not military victory because that's obviously impossible. U versus United States and Israel jointly. Uh so how do you survive is that you increase the cost and stay in power until the calculus changes in Washington. uh that this is going too long, that this is too costly and obviously

[155abad5_Iran_s_survival_strategy_against_US_control_Global_News_Podcast_480P_seg0007] Score: 0.904
Transcript: strikes. What have you made of the strategy they're using thus far? >> A lot of observers thought that if this war started that Iran at some point later on will start targeting Arab countries and some people were surprised how quickly they got there. So, I think that shows that they thought of this immediately as a war of survival. Um obviously targeting of the supreme leader and the entire upper echelon of the military uh gave them the impression that this is a war of a regime change. Therefore they have to throw everything at it from the very get-go. The strategy is obviously for them increasing pressure on global energy supply and making everybody else pay. The definition of victory for them is survival. It's not military victory because that's obviously impossible. U versus United States and Israel jointly. Uh so how do you survive is that you increase the cost and stay in power until the calculus changes in Washington. uh that this is going too long, that this is too costly and obviously

[155abad5_Iran_s_survival_strategy_against_US_control_Global_News_Podcast_480P_seg0008] Score: 0.904
Transcript: strikes. What have you made of the strategy they're using thus far? >> A lot of observers thought that if this war started that Iran at some point later on will start targeting Arab countries and some people were surprised how quickly they got there. So, I think that shows that they thought of this immediately as a war of survival. Um obviously targeting of the supreme leader and the entire upper echelon of the military uh gave them the impression that this is a war of a regime change. Therefore they have to throw everything at it from the very get-go. The strategy is obviously for them increasing pressure on global energy supply and making everybody else pay. The definition of victory for them is survival. It's not military victory because that's obviously impossible. U versus United States and Israel jointly. Uh so how do you survive is that you increase the cost and stay in power until the calculus changes in Washington. uh that this is going too long, that this is too costly and obviously

